// Jest Snapshot v1, https://goo.gl/fbAQLP

exports[`Image component sanity matches default snapshot 1`] = `
.c0 {
  display: block;
  height: auto;
  max-width: 100%;
}

.c0 {
  box-sizing: border-box;
}

<img
  class="c0"
  display="block"
  height="auto"
/>
`;

exports[`Image component sanity matches themed snapshot 1`] = `
.c1 {
  display: block;
  height: auto;
  max-width: 100%;
}

.c1 {
  box-sizing: border-box;
}

.c0 {
  font-size: 1em;
  font-family: "Source Sans Pro",-apple-system,sans-serif;
  color: #3F3D4B;
}

<div
  class="c0"
>
  <img
    class="c1"
    display="block"
    height="auto"
  />
</div>
`;
