// Jest Snapshot v1, https://goo.gl/fbAQLP

exports[`Select component sanity matches default snapshot 1`] = `
<styled.span>
  <Styled(Styled(Box))
    as="select"
    bg="white"
    border={1}
    borderColor="grey"
    borderRadius={1}
    boxShadow={1}
    color="copyColor"
    fontFamily="sansSerif"
    fontSize="1rem"
    height="3rem"
    items={
      Array [
        "Wandering Thunder",
        "Black Wildflower",
        "Ancient Paper",
      ]
    }
    lineHeight="solid"
    px={3}
    py={0}
    theme={
      Object {
        "borderWidths": Array [
          "0",
          "1px",
          "2px",
          "4px",
        ],
        "borders": Array [
          0,
          "1px solid transparent",
        ],
        "buttonSizes": Object {
          "large": Object {
            "fontSize": "1.5rem",
            "height": "4rem",
            "minWidth": "4rem",
          },
          "medium": Object {
            "fontSize": "1rem",
            "height": "3rem",
            "minWidth": "3rem",
          },
          "small": Object {
            "fontSize": "0.75rem",
            "height": "2rem",
            "minWidth": "2rem",
            "padding": "0 1rem",
          },
        },
        "buttons": Object {
          "danger": Object {
            "--contrast-color": "#fff",
            "--main-color": "#DC2C10",
          },
          "primary": Object {
            "--contrast-color": "#fff",
            "--main-color": "#4E3FCE",
            "backgroundColor": "#4E3FCE",
            "color": "#fff",
          },
          "success": Object {
            "--contrast-color": "#FFF",
            "--main-color": "#28C081",
          },
        },
        "colors": Object {
          "black": "#000e1a",
          "blacks": Array [
            "rgba(0,0,0,.0125)",
            "rgba(0,0,0,.025)",
            "rgba(0,0,0,.05)",
            "rgba(0,0,0,.1)",
            "rgba(0,0,0,.2)",
            "rgba(0,0,0,.3)",
            "rgba(0,0,0,.4)",
            "rgba(0,0,0,.5)",
            "rgba(0,0,0,.6)",
            "rgba(0,0,0,.7)",
            "rgba(0,0,0,.8)",
            "rgba(0,0,0,.9)",
          ],
          "blue": "#3259D6",
          "copyColor": "#3F3D4B",
          "danger": "#DC2C10",
          "dark-gray": "#333",
          "grey": "#CCC",
          "info": "#36ADF1",
          "light-gray": "#eee",
          "light-silver": "#aaa",
          "mid-gray": "#555",
          "moon-gray": "#ccc",
          "near-black": "#111",
          "near-white": "#f4f4f4",
          "primary": "#4E3FCE",
          "primary-dark": "#3e32a4",
          "primary-light": "#7165d7",
          "silver": "#999",
          "success": "#28C081",
          "transparent": "transparent",
          "warning": "#FD9D28",
          "white": "#fff",
          "whites": Array [
            "rgba(255,255,255,.0125)",
            "rgba(255,255,255,.025)",
            "rgba(255,255,255,.05)",
            "rgba(255,255,255,.1)",
            "rgba(255,255,255,.2)",
            "rgba(255,255,255,.3)",
            "rgba(255,255,255,.4)",
            "rgba(255,255,255,.5)",
            "rgba(255,255,255,.6)",
            "rgba(255,255,255,.7)",
            "rgba(255,255,255,.8)",
            "rgba(255,255,255,.9)",
          ],
        },
        "fontSizes": Array [
          12,
          14,
          16,
          20,
          24,
          32,
          48,
          64,
        ],
        "fontWeights": Array [
          0,
          300,
          400,
          600,
          700,
        ],
        "fonts": Object {
          "sansSerif": "\\"Source Sans Pro\\", -apple-system, sans-serif",
          "serif": "athelas, georgia, times, serif",
        },
        "heights": Array [
          0,
          16,
          32,
          64,
          128,
          256,
        ],
        "letterSpacings": Array [
          0,
          1,
          2,
          4,
          8,
        ],
        "lineHeights": Object {
          "copy": 1.5,
          "solid": 1,
          "title": 1.25,
        },
        "maxHeights": Array [
          0,
          16,
          32,
          64,
          128,
          256,
        ],
        "maxWidths": Array [
          0,
          16,
          32,
          64,
          128,
          256,
          512,
          768,
          1024,
          1536,
        ],
        "messageStyle": Object {
          "base": Object {
            "backgroundColor": "#f6f6f6",
            "borderColor": "#AAA",
            "color": "#666",
          },
          "danger": Object {
            "backgroundColor": "#fbe9e7",
            "borderColor": "#DC2C10",
            "color": "#841a09",
          },
          "info": Object {
            "backgroundColor": "#eaf6fd",
            "borderColor": "#36ADF1",
            "color": "#206790",
          },
          "success": Object {
            "backgroundColor": "#e9f8f2",
            "borderColor": "#28C081",
            "color": "#18734d",
          },
          "warning": Object {
            "backgroundColor": "#fef5e9",
            "borderColor": "#FD9D28",
            "color": "#975e18",
          },
        },
        "minHeights": Array [
          0,
          16,
          32,
          64,
          128,
          256,
        ],
        "minWidths": Array [
          0,
          16,
          32,
          64,
          128,
          256,
        ],
        "opacity": Object {
          "disabled": 0.4,
        },
        "radii": Array [
          "0",
          "4px",
          "8px",
          "16px",
        ],
        "shadows": Array [
          "0",
          "0px 2px 4px rgba(0, 0, 0, 0.1)",
          "0 7px 14px rgba(50,50,93,.1)",
        ],
        "space": Array [
          0,
          4,
          8,
          16,
          32,
          64,
          128,
          256,
        ],
        "width": Array [
          0,
          16,
          32,
          64,
          128,
          256,
        ],
        "zIndices": Array [
          0,
          9,
          99,
          999,
          9999,
        ],
      }
    }
  >
    <option
      key="0"
      value="Wandering Thunder"
    >
      Wandering Thunder
    </option>
    <option
      key="1"
      value="Black Wildflower"
    >
      Black Wildflower
    </option>
    <option
      key="2"
      value="Ancient Paper"
    >
      Ancient Paper
    </option>
  </Styled(Styled(Box))>
  <ExpandMoreIcon
    size={24}
  />
</styled.span>
`;

exports[`Select component sanity matches themed snapshot 1`] = `
.c1 {
  position: relative;
}

.c1 > .c3 {
  position: absolute;
  right: 1rem;
  top: 0;
  bottom: 0;
  pointer-events: none;
  margin: auto;
}

.c2 {
  color: #3F3D4B;
  background-color: #fff;
  padding-top: 0;
  padding-bottom: 0;
  padding-left: 16px;
  padding-right: 16px;
  height: 3rem;
  border: 1px solid transparent;
  border-color: #CCC;
  border-radius: 4px;
  border-color: #CCC;
  border-radius: 4px;
  box-shadow: 0px 2px 4px rgba(0,0,0,0.1);
  box-shadow: 0px 2px 4px rgba(0,0,0,0.1);
  font-size: 1rem;
  font-family: "Source Sans Pro",-apple-system,sans-serif;
}

.c2 {
  box-sizing: border-box;
}

.c2 {
  -webkit-appearance: none;
  -moz-appearance: none;
  appearance: none;
}

.c2:hover {
  box-shadow: 0px 2px 6px rgba(0,0,0,0.3);
}

.c2:focus {
  outline: none;
  border-color: #4E3FCE;
}

.c2:disabled {
  opacity: 0.4;
  pointer-events: none;
}

.was-validated .c2:valid {
  border-color: #28C081;
}

.was-validated .c2:valid ~ svg.icon-valid {
  visibility: visible;
}

.was-validated .c2:invalid {
  border-color: #EC9081;
}

.was-validated .c2:invalid ~ svg.icon-invalid {
  visibility: visible;
}

.c2 {
  -webkit-appearance: none;
  -moz-appearance: none;
  appearance: none;
  padding: 0 3rem 0 1rem;
}

.c0 {
  font-size: 1em;
  font-family: "Source Sans Pro",-apple-system,sans-serif;
  color: #3F3D4B;
}

<div
  class="c0"
>
  <span
    class="c1"
  >
    <select
      class="c2"
      color="copyColor"
      font-family="sansSerif"
      font-size="1rem"
      height="3rem"
    >
      <option
        value="Wandering Thunder"
      >
        Wandering Thunder
      </option>
      <option
        value="Black Wildflower"
      >
        Black Wildflower
      </option>
      <option
        value="Ancient Paper"
      >
        Ancient Paper
      </option>
    </select>
    <svg
      class="c3 "
      fill="currentcolor"
      height="24"
      viewBox="0 0 24 24"
      width="24"
    >
      <path
        d="M16.59 8.59L12 13.17 7.41 8.59 6 10l6 6 6-6z"
      />
    </svg>
  </span>
</div>
`;
