// Jest Snapshot v1, https://goo.gl/fbAQLP

exports[`Tooltip component sanity matches default snapshot 1`] = `
<span
  style="display:inline-block"
/>
`;

exports[`Tooltip component sanity matches themed snapshot 1`] = `
.c0 {
  font-size: 1em;
  font-family: "Source Sans Pro",-apple-system,sans-serif;
  color: #3F3D4B;
}

<div
  class="c0"
>
  <span
    style="display:inline-block"
  />
</div>
`;
