// Jest Snapshot v1, https://goo.gl/fbAQLP

exports[`Simple Address component sanity matches Themed snapshot 1`] = `
.c2 {
  color: #3F3D4B;
}

.c2 {
  box-sizing: border-box;
}

.c1 {
  font-family: "Source Sans Pro",-apple-system,sans-serif;
  font-size: 16px;
  font-weight: 400;
  line-height: 1.5;
  text-align: left;
  color: #3F3D4B;
}

.c0 {
  font-size: 1em;
  font-family: "Source Sans Pro",-apple-system,sans-serif;
  color: #3F3D4B;
}

<div
  class="c0"
>
  <div
    class="c1 c2"
    color="copyColor"
    font-family="sansSerif"
    font-size="2"
    font-weight="2"
  >
    0x99cb784f0429efd72wu39fn4256n8wud4e01c7d2
  </div>
</div>
`;

exports[`Simple Address component sanity matches default snapshot 1`] = `
<EthAddress
  address="0x99cb784f0429efd72wu39fn4256n8wud4e01c7d2"
  truncate={false}
/>
`;
